#
# There is insufficient memory for the Java Runtime Environment to continue.
# Native memory allocation (malloc) failed to allocate 48240 bytes. Error detail: Chunk::new
# Possible reasons:
#   The system is out of physical RAM or swap space
#   This process is running with CompressedOops enabled, and the Java Heap may be blocking the growth of the native heap
# Possible solutions:
#   Reduce memory load on the system
#   Increase physical memory or swap space
#   Check if swap backing store is full
#   Decrease Java heap size (-Xmx/-Xms)
#   Decrease number of Java threads
#   Decrease Java thread stack sizes (-Xss)
#   Set larger code cache with -XX:ReservedCodeCacheSize=
#   JVM is running with Unscaled Compressed Oops mode in which the Java heap is
#     placed in the first 4GB address space. The Java Heap base address is the
#     maximum limit for the native heap growth. Please use -XX:HeapBaseMinAddress
#     to set the Java Heap base and to place the Java Heap above 4GB virtual address.
# This output file may be truncated or incomplete.
#
#  Out of Memory Error (arena.cpp:191), pid=21488, tid=12628
#
# JRE version: OpenJDK Runtime Environment Microsoft-12574423 (17.0.17+10) (build 17.0.17+10-LTS)
# Java VM: OpenJDK 64-Bit Server VM Microsoft-12574423 (17.0.17+10-LTS, mixed mode, sharing, tiered, compressed oops, compressed class ptrs, g1 gc, windows-amd64)
# No core dump will be written. Minidumps are not enabled by default on client versions of Windows
#

---------------  S U M M A R Y ------------

Command Line: -Xmx64m -Xms64m -Dorg.gradle.appname=gradlew C:\Eventak-Final-Linkage\Eventak\android\\gradle\wrapper\gradle-wrapper.jar app:installDebug -PreactNativeDevServerPort=8081

Host: 11th Gen Intel(R) Core(TM) i7-1165G7 @ 2.80GHz, 8 cores, 15G,  Windows 11 , 64 bit Build 22621 (10.0.22621.3958)
Time: Tue May 12 13:44:00 2026 Arab Standard Time elapsed time: 510.655213 seconds (0d 0h 8m 30s)

---------------  T H R E A D  ---------------

Current thread (0x0000029863364f80):  JavaThread "C2 CompilerThread0" daemon [_thread_in_native, id=12628, stack(0x000000d3d9600000,0x000000d3d9700000)]


Current CompileTask:
C2:510659 2074   !   4       org.gradle.internal.logging.console.ThrottlingOutputEventListener::onOutput (85 bytes)

Stack: [0x000000d3d9600000,0x000000d3d9700000]
Native frames: (J=compiled Java code, j=interpreted, Vv=VM code, C=native code)
V  [jvm.dll+0x68c459]  (no source info available)
V  [jvm.dll+0x845e09]  (no source info available)
V  [jvm.dll+0x847b78]  (no source info available)
V  [jvm.dll+0x848203]  (no source info available)
V  [jvm.dll+0x24cf6f]  (no source info available)
V  [jvm.dll+0xaecb6]  (no source info available)
V  [jvm.dll+0xaf35c]  (no source info available)
V  [jvm.dll+0x37157e]  (no source info available)
V  [jvm.dll+0x1c037b]  (no source info available)
V  [jvm.dll+0x21e080]  (no source info available)
V  [jvm.dll+0x21d36d]  (no source info available)
V  [jvm.dll+0x1a8ce6]  (no source info available)
V  [jvm.dll+0x22db1b]  (no source info available)
V  [jvm.dll+0x22bca6]  (no source info available)
V  [jvm.dll+0x7fb65b]  (no source info available)
V  [jvm.dll+0x7f5a5c]  (no source info available)
V  [jvm.dll+0x68d9f7]  (no source info available)
C  [ucrtbase.dll+0x29333]  (no source info available)
C  [KERNEL32.DLL+0x1257d]  (no source info available)
C  [ntdll.dll+0x5af08]  (no source info available)


---------------  P R O C E S S  ---------------

Threads class SMR info:
_java_thread_list=0x0000029869330170, length=13, elements={
0x000002984990ea70, 0x00000298499b83d0, 0x00000298499b8ea0, 0x000002986335b820,
0x000002986335e100, 0x00000298633629f0, 0x00000298633632c0, 0x0000029863364f80,
0x00000298633705b0, 0x00000298633943d0, 0x00000298634bef80, 0x00000298634c3710,
0x0000029868cc2a60
}

Java Threads: ( => current thread )
  0x000002984990ea70 JavaThread "main" [_thread_in_native, id=17520, stack(0x000000d3d8900000,0x000000d3d8a00000)]
  0x00000298499b83d0 JavaThread "Reference Handler" daemon [_thread_blocked, id=16824, stack(0x000000d3d9000000,0x000000d3d9100000)]
  0x00000298499b8ea0 JavaThread "Finalizer" daemon [_thread_blocked, id=19060, stack(0x000000d3d9100000,0x000000d3d9200000)]
  0x000002986335b820 JavaThread "Signal Dispatcher" daemon [_thread_blocked, id=8032, stack(0x000000d3d9200000,0x000000d3d9300000)]
  0x000002986335e100 JavaThread "Attach Listener" daemon [_thread_blocked, id=14792, stack(0x000000d3d9300000,0x000000d3d9400000)]
  0x00000298633629f0 JavaThread "Service Thread" daemon [_thread_blocked, id=7244, stack(0x000000d3d9400000,0x000000d3d9500000)]
  0x00000298633632c0 JavaThread "Monitor Deflation Thread" daemon [_thread_blocked, id=19544, stack(0x000000d3d9500000,0x000000d3d9600000)]
=>0x0000029863364f80 JavaThread "C2 CompilerThread0" daemon [_thread_in_native, id=12628, stack(0x000000d3d9600000,0x000000d3d9700000)]
  0x00000298633705b0 JavaThread "C1 CompilerThread0" daemon [_thread_blocked, id=3740, stack(0x000000d3d9700000,0x000000d3d9800000)]
  0x00000298633943d0 JavaThread "Sweeper thread" daemon [_thread_blocked, id=21868, stack(0x000000d3d9800000,0x000000d3d9900000)]
  0x00000298634bef80 JavaThread "Notification Thread" daemon [_thread_blocked, id=15804, stack(0x000000d3d9900000,0x000000d3d9a00000)]
  0x00000298634c3710 JavaThread "Common-Cleaner" daemon [_thread_blocked, id=19356, stack(0x000000d3d9b00000,0x000000d3d9c00000)]
  0x0000029868cc2a60 JavaThread "pool-1-thread-1" [_thread_in_native, id=22156, stack(0x000000d3da100000,0x000000d3da200000)]

Other Threads:
  0x00000298499b2b70 VMThread "VM Thread" [stack: 0x000000d3d8f00000,0x000000d3d9000000] [id=4972]
  0x00000298634bf460 WatcherThread [stack: 0x000000d3d9a00000,0x000000d3d9b00000] [id=2696]
  0x000002984992e980 GCTaskThread "GC Thread#0" [stack: 0x000000d3d8a00000,0x000000d3d8b00000] [id=13668]
  0x0000029863767560 GCTaskThread "GC Thread#1" [stack: 0x000000d3d9e00000,0x000000d3d9f00000] [id=21952]
  0x0000029868035b60 GCTaskThread "GC Thread#2" [stack: 0x000000d3d9f00000,0x000000d3da000000] [id=22460]
  0x0000029868035e30 GCTaskThread "GC Thread#3" [stack: 0x000000d3da000000,0x000000d3da100000] [id=22108]
  0x0000029868715ed0 GCTaskThread "GC Thread#4" [stack: 0x000000d3d9d00000,0x000000d3d9e00000] [id=3732]
  0x0000029868715c00 GCTaskThread "GC Thread#5" [stack: 0x000000d3da200000,0x000000d3da300000] [id=18448]
  0x0000029868717550 GCTaskThread "GC Thread#6" [stack: 0x000000d3da300000,0x000000d3da400000] [id=6580]
  0x00000298687161a0 GCTaskThread "GC Thread#7" [stack: 0x000000d3da400000,0x000000d3da500000] [id=19912]
  0x000002984992fff0 ConcurrentGCThread "G1 Main Marker" [stack: 0x000000d3d8b00000,0x000000d3d8c00000] [id=14824]
  0x0000029849930920 ConcurrentGCThread "G1 Conc#0" [stack: 0x000000d3d8c00000,0x000000d3d8d00000] [id=14984]
  0x0000029849997030 ConcurrentGCThread "G1 Refine#0" [stack: 0x000000d3d8d00000,0x000000d3d8e00000] [id=21708]
  0x0000029849997980 ConcurrentGCThread "G1 Service" [stack: 0x000000d3d8e00000,0x000000d3d8f00000] [id=11560]

Threads with active compile tasks:
C2 CompilerThread0  512042 2074   !   4       org.gradle.internal.logging.console.ThrottlingOutputEventListener::onOutput (85 bytes)

VM state: not at safepoint (normal execution)

VM Mutex/Monitor currently owned by a thread: None

Heap address: 0x00000000fc000000, size: 64 MB, Compressed Oops mode: 32-bit

CDS archive(s) mapped at: [0x0000029800000000-0x0000029800bb0000-0x0000029800bb0000), size 12255232, SharedBaseAddress: 0x0000029800000000, ArchiveRelocationMode: 1.
Compressed class space mapped at: 0x0000029801000000-0x0000029841000000, reserved size: 1073741824
Narrow klass base: 0x0000029800000000, Narrow klass shift: 0, Narrow klass range: 0x100000000

GC Precious Log:
 CPUs: 8 total, 8 available
 Memory: 16183M
 Large Page Support: Disabled
 NUMA Support: Disabled
 Compressed Oops: Enabled (32-bit)
 Heap Region Size: 1M
 Heap Min Capacity: 64M
 Heap Initial Capacity: 64M
 Heap Max Capacity: 64M
 Pre-touch: Disabled
 Parallel Workers: 8
 Concurrent Workers: 2
 Concurrent Refinement Workers: 8
 Periodic GC: Disabled

Heap:
 garbage-first heap   total 65536K, used 29394K [0x00000000fc000000, 0x0000000100000000)
  region size 1024K, 23 young (23552K), 5 survivors (5120K)
 Metaspace       used 10045K, committed 10304K, reserved 1114112K
  class space    used 1292K, committed 1408K, reserved 1048576K

Heap Regions: E=young(eden), S=young(survivor), O=old, HS=humongous(starts), HC=humongous(continues), CS=collection set, F=free, OA=open archive, CA=closed archive, TAMS=top-at-mark-start (previous, next)
|   0|0x00000000fc000000, 0x00000000fc100000, 0x00000000fc100000|100%|HS|  |TAMS 0x00000000fc000000, 0x00000000fc000000| Complete 
|   1|0x00000000fc100000, 0x00000000fc200000, 0x00000000fc200000|100%|HC|  |TAMS 0x00000000fc100000, 0x00000000fc100000| Complete 
|   2|0x00000000fc200000, 0x00000000fc300000, 0x00000000fc300000|100%|HC|  |TAMS 0x00000000fc200000, 0x00000000fc200000| Complete 
|   3|0x00000000fc300000, 0x00000000fc400000, 0x00000000fc400000|100%|HC|  |TAMS 0x00000000fc300000, 0x00000000fc300000| Complete 
|   4|0x00000000fc400000, 0x00000000fc500000, 0x00000000fc500000|100%| O|  |TAMS 0x00000000fc400000, 0x00000000fc400000| Untracked 
|   5|0x00000000fc500000, 0x00000000fc600000, 0x00000000fc600000|100%| O|  |TAMS 0x00000000fc500000, 0x00000000fc500000| Untracked 
|   6|0x00000000fc600000, 0x00000000fc6b4800, 0x00000000fc700000| 70%| O|  |TAMS 0x00000000fc600000, 0x00000000fc600000| Untracked 
|   7|0x00000000fc700000, 0x00000000fc700000, 0x00000000fc800000|  0%| F|  |TAMS 0x00000000fc700000, 0x00000000fc700000| Untracked 
|   8|0x00000000fc800000, 0x00000000fc800000, 0x00000000fc900000|  0%| F|  |TAMS 0x00000000fc800000, 0x00000000fc800000| Untracked 
|   9|0x00000000fc900000, 0x00000000fc900000, 0x00000000fca00000|  0%| F|  |TAMS 0x00000000fc900000, 0x00000000fc900000| Untracked 
|  10|0x00000000fca00000, 0x00000000fca00000, 0x00000000fcb00000|  0%| F|  |TAMS 0x00000000fca00000, 0x00000000fca00000| Untracked 
|  11|0x00000000fcb00000, 0x00000000fcb00000, 0x00000000fcc00000|  0%| F|  |TAMS 0x00000000fcb00000, 0x00000000fcb00000| Untracked 
|  12|0x00000000fcc00000, 0x00000000fcc00000, 0x00000000fcd00000|  0%| F|  |TAMS 0x00000000fcc00000, 0x00000000fcc00000| Untracked 
|  13|0x00000000fcd00000, 0x00000000fcd00000, 0x00000000fce00000|  0%| F|  |TAMS 0x00000000fcd00000, 0x00000000fcd00000| Untracked 
|  14|0x00000000fce00000, 0x00000000fce00000, 0x00000000fcf00000|  0%| F|  |TAMS 0x00000000fce00000, 0x00000000fce00000| Untracked 
|  15|0x00000000fcf00000, 0x00000000fcf00000, 0x00000000fd000000|  0%| F|  |TAMS 0x00000000fcf00000, 0x00000000fcf00000| Untracked 
|  16|0x00000000fd000000, 0x00000000fd000000, 0x00000000fd100000|  0%| F|  |TAMS 0x00000000fd000000, 0x00000000fd000000| Untracked 
|  17|0x00000000fd100000, 0x00000000fd100000, 0x00000000fd200000|  0%| F|  |TAMS 0x00000000fd100000, 0x00000000fd100000| Untracked 
|  18|0x00000000fd200000, 0x00000000fd200000, 0x00000000fd300000|  0%| F|  |TAMS 0x00000000fd200000, 0x00000000fd200000| Untracked 
|  19|0x00000000fd300000, 0x00000000fd300000, 0x00000000fd400000|  0%| F|  |TAMS 0x00000000fd300000, 0x00000000fd300000| Untracked 
|  20|0x00000000fd400000, 0x00000000fd400000, 0x00000000fd500000|  0%| F|  |TAMS 0x00000000fd400000, 0x00000000fd400000| Untracked 
|  21|0x00000000fd500000, 0x00000000fd500000, 0x00000000fd600000|  0%| F|  |TAMS 0x00000000fd500000, 0x00000000fd500000| Untracked 
|  22|0x00000000fd600000, 0x00000000fd600000, 0x00000000fd700000|  0%| F|  |TAMS 0x00000000fd600000, 0x00000000fd600000| Untracked 
|  23|0x00000000fd700000, 0x00000000fd700000, 0x00000000fd800000|  0%| F|  |TAMS 0x00000000fd700000, 0x00000000fd700000| Untracked 
|  24|0x00000000fd800000, 0x00000000fd800000, 0x00000000fd900000|  0%| F|  |TAMS 0x00000000fd800000, 0x00000000fd800000| Untracked 
|  25|0x00000000fd900000, 0x00000000fd900000, 0x00000000fda00000|  0%| F|  |TAMS 0x00000000fd900000, 0x00000000fd900000| Untracked 
|  26|0x00000000fda00000, 0x00000000fdb00000, 0x00000000fdb00000|100%| S|CS|TAMS 0x00000000fda00000, 0x00000000fda00000| Complete 
|  27|0x00000000fdb00000, 0x00000000fdc00000, 0x00000000fdc00000|100%| S|CS|TAMS 0x00000000fdb00000, 0x00000000fdb00000| Complete 
|  28|0x00000000fdc00000, 0x00000000fdd00000, 0x00000000fdd00000|100%| S|CS|TAMS 0x00000000fdc00000, 0x00000000fdc00000| Complete 
|  29|0x00000000fdd00000, 0x00000000fde00000, 0x00000000fde00000|100%| S|CS|TAMS 0x00000000fdd00000, 0x00000000fdd00000| Complete 
|  30|0x00000000fde00000, 0x00000000fdf00000, 0x00000000fdf00000|100%| S|CS|TAMS 0x00000000fde00000, 0x00000000fde00000| Complete 
|  31|0x00000000fdf00000, 0x00000000fdf00000, 0x00000000fe000000|  0%| F|  |TAMS 0x00000000fdf00000, 0x00000000fdf00000| Untracked 
|  32|0x00000000fe000000, 0x00000000fe000000, 0x00000000fe100000|  0%| F|  |TAMS 0x00000000fe000000, 0x00000000fe000000| Untracked 
|  33|0x00000000fe100000, 0x00000000fe100000, 0x00000000fe200000|  0%| F|  |TAMS 0x00000000fe100000, 0x00000000fe100000| Untracked 
|  34|0x00000000fe200000, 0x00000000fe200000, 0x00000000fe300000|  0%| F|  |TAMS 0x00000000fe200000, 0x00000000fe200000| Untracked 
|  35|0x00000000fe300000, 0x00000000fe300000, 0x00000000fe400000|  0%| F|  |TAMS 0x00000000fe300000, 0x00000000fe300000| Untracked 
|  36|0x00000000fe400000, 0x00000000fe400000, 0x00000000fe500000|  0%| F|  |TAMS 0x00000000fe400000, 0x00000000fe400000| Untracked 
|  37|0x00000000fe500000, 0x00000000fe500000, 0x00000000fe600000|  0%| F|  |TAMS 0x00000000fe500000, 0x00000000fe500000| Untracked 
|  38|0x00000000fe600000, 0x00000000fe600000, 0x00000000fe700000|  0%| F|  |TAMS 0x00000000fe600000, 0x00000000fe600000| Untracked 
|  39|0x00000000fe700000, 0x00000000fe700000, 0x00000000fe800000|  0%| F|  |TAMS 0x00000000fe700000, 0x00000000fe700000| Untracked 
|  40|0x00000000fe800000, 0x00000000fe800000, 0x00000000fe900000|  0%| F|  |TAMS 0x00000000fe800000, 0x00000000fe800000| Untracked 
|  41|0x00000000fe900000, 0x00000000fe900000, 0x00000000fea00000|  0%| F|  |TAMS 0x00000000fe900000, 0x00000000fe900000| Untracked 
|  42|0x00000000fea00000, 0x00000000fea00000, 0x00000000feb00000|  0%| F|  |TAMS 0x00000000fea00000, 0x00000000fea00000| Untracked 
|  43|0x00000000feb00000, 0x00000000feb00000, 0x00000000fec00000|  0%| F|  |TAMS 0x00000000feb00000, 0x00000000feb00000| Untracked 
|  44|0x00000000fec00000, 0x00000000fec00000, 0x00000000fed00000|  0%| F|  |TAMS 0x00000000fec00000, 0x00000000fec00000| Untracked 
|  45|0x00000000fed00000, 0x00000000fed00000, 0x00000000fee00000|  0%| F|  |TAMS 0x00000000fed00000, 0x00000000fed00000| Untracked 
|  46|0x00000000fee00000, 0x00000000fee453b0, 0x00000000fef00000| 27%| E|  |TAMS 0x00000000fee00000, 0x00000000fee00000| Complete 
|  47|0x00000000fef00000, 0x00000000ff000000, 0x00000000ff000000|100%| E|CS|TAMS 0x00000000fef00000, 0x00000000fef00000| Complete 
|  48|0x00000000ff000000, 0x00000000ff100000, 0x00000000ff100000|100%| E|CS|TAMS 0x00000000ff000000, 0x00000000ff000000| Complete 
|  49|0x00000000ff100000, 0x00000000ff200000, 0x00000000ff200000|100%| E|CS|TAMS 0x00000000ff100000, 0x00000000ff100000| Complete 
|  50|0x00000000ff200000, 0x00000000ff300000, 0x00000000ff300000|100%| E|CS|TAMS 0x00000000ff200000, 0x00000000ff200000| Complete 
|  51|0x00000000ff300000, 0x00000000ff400000, 0x00000000ff400000|100%| E|CS|TAMS 0x00000000ff300000, 0x00000000ff300000| Complete 
|  52|0x00000000ff400000, 0x00000000ff500000, 0x00000000ff500000|100%| E|CS|TAMS 0x00000000ff400000, 0x00000000ff400000| Complete 
|  53|0x00000000ff500000, 0x00000000ff600000, 0x00000000ff600000|100%| E|CS|TAMS 0x00000000ff500000, 0x00000000ff500000| Complete 
|  54|0x00000000ff600000, 0x00000000ff700000, 0x00000000ff700000|100%| E|CS|TAMS 0x00000000ff600000, 0x00000000ff600000| Complete 
|  55|0x00000000ff700000, 0x00000000ff800000, 0x00000000ff800000|100%| E|CS|TAMS 0x00000000ff700000, 0x00000000ff700000| Complete 
|  56|0x00000000ff800000, 0x00000000ff900000, 0x00000000ff900000|100%| E|CS|TAMS 0x00000000ff800000, 0x00000000ff800000| Complete 
|  57|0x00000000ff900000, 0x00000000ffa00000, 0x00000000ffa00000|100%| E|CS|TAMS 0x00000000ff900000, 0x00000000ff900000| Complete 
|  58|0x00000000ffa00000, 0x00000000ffb00000, 0x00000000ffb00000|100%| E|CS|TAMS 0x00000000ffa00000, 0x00000000ffa00000| Complete 
|  59|0x00000000ffb00000, 0x00000000ffc00000, 0x00000000ffc00000|100%| E|CS|TAMS 0x00000000ffb00000, 0x00000000ffb00000| Complete 
|  60|0x00000000ffc00000, 0x00000000ffd00000, 0x00000000ffd00000|100%| E|CS|TAMS 0x00000000ffc00000, 0x00000000ffc00000| Complete 
|  61|0x00000000ffd00000, 0x00000000ffe00000, 0x00000000ffe00000|100%| E|CS|TAMS 0x00000000ffd00000, 0x00000000ffd00000| Complete 
|  62|0x00000000ffe00000, 0x00000000fff00000, 0x00000000fff00000|100%| E|CS|TAMS 0x00000000ffe00000, 0x00000000ffe00000| Complete 
|  63|0x00000000fff00000, 0x0000000100000000, 0x0000000100000000|100%| E|CS|TAMS 0x00000000fff00000, 0x00000000fff00000| Complete 

Card table byte_map: [0x0000029849840000,0x0000029849860000] _byte_map_base: 0x0000029849060000

Marking Bits (Prev, Next): (CMBitMap*) 0x000002984992eec0, (CMBitMap*) 0x000002984992ef00
 Prev Bits: [0x00000298607b0000, 0x00000298608b0000)
 Next Bits: [0x00000298608b0000, 0x00000298609b0000)

Polling page: 0x00000298490c0000

Metaspace:

Usage:
  Non-class:      8.55 MB used.
      Class:      1.26 MB used.
       Both:      9.81 MB used.

Virtual space:
  Non-class space:       64.00 MB reserved,       8.69 MB ( 14%) committed,  1 nodes.
      Class space:        1.00 GB reserved,       1.38 MB ( <1%) committed,  1 nodes.
             Both:        1.06 GB reserved,      10.06 MB ( <1%) committed. 

Chunk freelists:
   Non-Class:  7.34 MB
       Class:  14.48 MB
        Both:  21.83 MB

MaxMetaspaceSize: unlimited
CompressedClassSpaceSize: 1.00 GB
Initial GC threshold: 21.00 MB
Current GC threshold: 21.00 MB
CDS: on
MetaspaceReclaimPolicy: balanced
 - commit_granule_bytes: 65536.
 - commit_granule_words: 8192.
 - virtual_space_node_default_size: 8388608.
 - enlarge_chunks_in_place: 1.
 - new_chunks_are_fully_committed: 0.
 - uncommit_free_chunks: 1.
 - use_allocation_guard: 0.
 - handle_deallocations: 1.


Internal statistics:

num_allocs_failed_limit: 0.
num_arena_births: 82.
num_arena_deaths: 0.
num_vsnodes_births: 2.
num_vsnodes_deaths: 0.
num_space_committed: 161.
num_space_uncommitted: 0.
num_chunks_returned_to_freelist: 0.
num_chunks_taken_from_freelist: 361.
num_chunk_merges: 0.
num_chunk_splits: 234.
num_chunks_enlarged: 191.
num_inconsistent_stats: 0.

CodeHeap 'non-profiled nmethods': size=120000Kb used=962Kb max_used=962Kb free=119037Kb
 bounds [0x0000029858f50000, 0x00000298591c0000, 0x0000029860480000]
CodeHeap 'profiled nmethods': size=120000Kb used=3817Kb max_used=3817Kb free=116182Kb
 bounds [0x0000029851480000, 0x0000029851840000, 0x00000298589b0000]
CodeHeap 'non-nmethods': size=5760Kb used=1183Kb max_used=1210Kb free=4576Kb
 bounds [0x00000298589b0000, 0x0000029858c20000, 0x0000029858f50000]
 total_blobs=2540 nmethods=2073 adapters=380
 compilation: enabled
              stopped_count=0, restarted_count=0
 full_count=0

Compilation events (20 events):
Event: 342.917 Thread 0x00000298633705b0 nmethod 2063 0x0000029851837210 code [0x00000298518373c0, 0x0000029851837668]
Event: 342.917 Thread 0x00000298633705b0 2064       3       com.google.common.collect.Lists$ReverseList::reversePosition (15 bytes)
Event: 342.918 Thread 0x00000298633705b0 nmethod 2064 0x0000029851837790 code [0x0000029851837960, 0x0000029851837cb8]
Event: 342.918 Thread 0x00000298633705b0 2065       3       com.google.common.collect.Lists$ReverseList::size (10 bytes)
Event: 342.918 Thread 0x00000298633705b0 nmethod 2065 0x0000029851837e10 code [0x0000029851837fc0, 0x0000029851838188]
Event: 342.918 Thread 0x00000298633705b0 2066       3       java.util.ArrayList::listIterator (15 bytes)
Event: 342.918 Thread 0x00000298633705b0 nmethod 2066 0x0000029851838290 code [0x0000029851838480, 0x00000298518389b8]
Event: 342.918 Thread 0x00000298633705b0 2067       3       java.util.ArrayList$ListItr::<init> (16 bytes)
Event: 342.918 Thread 0x00000298633705b0 nmethod 2067 0x0000029851838b90 code [0x0000029851838d40, 0x0000029851838fd8]
Event: 342.918 Thread 0x00000298633705b0 2068       3       org.gradle.internal.logging.console.DefaultColorMap$ForegroundColor::off (9 bytes)
Event: 342.918 Thread 0x00000298633705b0 nmethod 2068 0x0000029851839110 code [0x0000029851839300, 0x0000029851839938]
Event: 360.009 Thread 0x0000029863364f80 2069   !   4       java.nio.charset.Charset::defaultCharset (53 bytes)
Event: 360.010 Thread 0x0000029863364f80 nmethod 2069 0x000002985903f610 code [0x000002985903f7a0, 0x000002985903f838]
Event: 392.316 Thread 0x0000029863364f80 2071       4       java.lang.ThreadLocal::get (38 bytes)
Event: 392.319 Thread 0x0000029863364f80 nmethod 2071 0x000002985903fd10 code [0x000002985903fec0, 0x0000029859040018]
Event: 403.012 Thread 0x0000029863364f80 2072       4       java.nio.Buffer::position (52 bytes)
Event: 403.012 Thread 0x0000029863364f80 nmethod 2072 0x0000029859040210 code [0x00000298590403a0, 0x0000029859040478]
Event: 419.908 Thread 0x0000029863364f80 2073       4       java.util.ArrayList::<init> (61 bytes)
Event: 419.912 Thread 0x0000029863364f80 nmethod 2073 0x0000029859040590 code [0x0000029859040720, 0x0000029859040a78]
Event: 424.813 Thread 0x0000029863364f80 2074   !   4       org.gradle.internal.logging.console.ThrottlingOutputEventListener::onOutput (85 bytes)

GC Heap History (4 events):
Event: 0.265 GC heap before
{Heap before GC invocations=0 (full 0):
 garbage-first heap   total 65536K, used 23552K [0x00000000fc000000, 0x0000000100000000)
  region size 1024K, 23 young (23552K), 0 survivors (0K)
 Metaspace       used 1684K, committed 1792K, reserved 1114112K
  class space    used 158K, committed 192K, reserved 1048576K
}
Event: 0.267 GC heap after
{Heap after GC invocations=1 (full 0):
 garbage-first heap   total 65536K, used 1920K [0x00000000fc000000, 0x0000000100000000)
  region size 1024K, 2 young (2048K), 2 survivors (2048K)
 Metaspace       used 1684K, committed 1792K, reserved 1114112K
  class space    used 158K, committed 192K, reserved 1048576K
}
Event: 0.780 GC heap before
{Heap before GC invocations=1 (full 0):
 garbage-first heap   total 65536K, used 36736K [0x00000000fc000000, 0x0000000100000000)
  region size 1024K, 33 young (33792K), 2 survivors (2048K)
 Metaspace       used 7618K, committed 7808K, reserved 1114112K
  class space    used 1008K, committed 1088K, reserved 1048576K
}
Event: 0.785 GC heap after
{Heap after GC invocations=2 (full 0):
 garbage-first heap   total 65536K, used 11986K [0x00000000fc000000, 0x0000000100000000)
  region size 1024K, 5 young (5120K), 5 survivors (5120K)
 Metaspace       used 7618K, committed 7808K, reserved 1114112K
  class space    used 1008K, committed 1088K, reserved 1048576K
}

Dll operation events (13 events):
Event: 0.007 Loaded shared library C:\Program Files\Microsoft\jdk-17.0.17.10-hotspot\bin\java.dll
Event: 0.024 Loaded shared library C:\Program Files\Microsoft\jdk-17.0.17.10-hotspot\bin\jsvml.dll
Event: 0.045 Loaded shared library C:\Program Files\Microsoft\jdk-17.0.17.10-hotspot\bin\net.dll
Event: 0.046 Loaded shared library C:\Program Files\Microsoft\jdk-17.0.17.10-hotspot\bin\nio.dll
Event: 0.048 Loaded shared library C:\Program Files\Microsoft\jdk-17.0.17.10-hotspot\bin\zip.dll
Event: 0.273 Loaded shared library C:\Program Files\Microsoft\jdk-17.0.17.10-hotspot\bin\jimage.dll
Event: 0.506 Loaded shared library C:\Program Files\Microsoft\jdk-17.0.17.10-hotspot\bin\management.dll
Event: 0.508 Loaded shared library C:\Program Files\Microsoft\jdk-17.0.17.10-hotspot\bin\management_ext.dll
Event: 0.538 Loaded shared library C:\Users\ashyk\.gradle\native\660c5614fbf4a5f2a75b1949f50a0caf5cd603558e7d8a26e50b933a0cfb79d1\windows-amd64\native-platform.dll
Event: 0.569 Loaded shared library C:\Users\ashyk\.gradle\native\jansi\2.4.2\Windows\x86_64\jansi.dll
Event: 0.740 Loaded shared library C:\Program Files\Microsoft\jdk-17.0.17.10-hotspot\bin\extnet.dll
Event: 0.878 Loaded shared library C:\Program Files\Microsoft\jdk-17.0.17.10-hotspot\bin\sunmscapi.dll
Event: 0.900 Loaded shared library C:\Program Files\Microsoft\jdk-17.0.17.10-hotspot\bin\verify.dll

Deoptimization events (20 events):
Event: 0.907 Thread 0x000002984990ea70 Uncommon trap: trap_request=0xffffffde fr.pc=0x0000029858f88b94 relative=0x0000000000000074
Event: 0.907 Thread 0x000002984990ea70 Uncommon trap: reason=class_check action=maybe_recompile pc=0x0000029858f88b94 method=java.util.AbstractList$Itr.hasNext()Z @ 8 c2
Event: 0.907 Thread 0x000002984990ea70 DEOPT PACKING pc=0x0000029858f88b94 sp=0x000000d3d89fd430
Event: 0.907 Thread 0x000002984990ea70 DEOPT UNPACKING pc=0x0000029858a0a1a3 sp=0x000000d3d89fd3c8 mode 2
Event: 1.016 Thread 0x0000029868cc2a60 Uncommon trap: trap_request=0xffffffde fr.pc=0x0000029858f88ed4 relative=0x00000000000000b4
Event: 1.016 Thread 0x0000029868cc2a60 Uncommon trap: reason=class_check action=maybe_recompile pc=0x0000029858f88ed4 method=java.util.AbstractList$Itr.next()Ljava/lang/Object; @ 14 c2
Event: 1.016 Thread 0x0000029868cc2a60 DEOPT PACKING pc=0x0000029858f88ed4 sp=0x000000d3da1fec60
Event: 1.016 Thread 0x0000029868cc2a60 DEOPT UNPACKING pc=0x0000029858a0a1a3 sp=0x000000d3da1febf8 mode 2
Event: 133.812 Thread 0x0000029868cc2a60 Uncommon trap: trap_request=0xffffff45 fr.pc=0x0000029859018d88 relative=0x0000000000000148
Event: 133.812 Thread 0x0000029868cc2a60 Uncommon trap: reason=unstable_if action=reinterpret pc=0x0000029859018d88 method=org.gradle.internal.logging.sink.GroupingProgressLogEventGenerator$OperationGroup.shouldForward()Z @ 9 c2
Event: 133.812 Thread 0x0000029868cc2a60 DEOPT PACKING pc=0x0000029859018d88 sp=0x000000d3da1fee00
Event: 133.812 Thread 0x0000029868cc2a60 DEOPT UNPACKING pc=0x0000029858a0a1a3 sp=0x000000d3da1fecc0 mode 2
Event: 161.499 Thread 0x000002984990ea70 DEOPT PACKING pc=0x000002985172e6d5 sp=0x000000d3d89fd040
Event: 161.499 Thread 0x000002984990ea70 DEOPT UNPACKING pc=0x0000029858a0ace3 sp=0x000000d3d89fc4d8 mode 0
Event: 161.509 Thread 0x0000029868cc2a60 DEOPT PACKING pc=0x0000029851815864 sp=0x000000d3da1fe920
Event: 161.509 Thread 0x0000029868cc2a60 DEOPT UNPACKING pc=0x0000029858a0ace3 sp=0x000000d3da1fddf0 mode 0
Event: 172.000 Thread 0x0000029868cc2a60 DEOPT PACKING pc=0x00000298517b08f7 sp=0x000000d3da1fe860
Event: 172.000 Thread 0x0000029868cc2a60 DEOPT UNPACKING pc=0x0000029858a0ace3 sp=0x000000d3da1fdcd0 mode 0
Event: 318.005 Thread 0x0000029868cc2a60 DEOPT PACKING pc=0x00000298517d2a06 sp=0x000000d3da1fecd0
Event: 318.005 Thread 0x0000029868cc2a60 DEOPT UNPACKING pc=0x0000029858a0ace3 sp=0x000000d3da1fe180 mode 0

Classes loaded (20 events):
Event: 25.879 Loading class jdk/internal/logger/LazyLoggers$LazyLoggerFactories
Event: 25.879 Loading class jdk/internal/logger/LazyLoggers$LazyLoggerFactories done
Event: 25.880 Loading class jdk/internal/logger/LoggerFinderLoader
Event: 25.880 Loading class jdk/internal/logger/LoggerFinderLoader done
Event: 25.881 Loading class jdk/internal/logger/LoggerFinderLoader$TemporaryLoggerFinder
Event: 25.881 Loading class jdk/internal/logger/LoggerFinderLoader$TemporaryLoggerFinder done
Event: 25.885 Loading class sun/util/logging/internal/LoggingProviderImpl$JULWrapper
Event: 25.885 Loading class sun/util/logging/PlatformLogger$ConfigurableBridge$LoggerConfiguration
Event: 25.885 Loading class sun/util/logging/PlatformLogger$ConfigurableBridge$LoggerConfiguration done
Event: 25.885 Loading class sun/util/logging/internal/LoggingProviderImpl$JULWrapper done
Event: 25.886 Loading class java/io/ObjectInputFilter
Event: 25.886 Loading class java/io/ObjectInputFilter done
Event: 25.886 Loading class java/io/ObjectInputFilter$Config$BuiltinFilterFactory
Event: 25.886 Loading class java/io/ObjectInputFilter$Config$BuiltinFilterFactory done
Event: 25.886 Loading class jdk/internal/access/JavaObjectInputFilterAccess
Event: 25.886 Loading class jdk/internal/access/JavaObjectInputFilterAccess done
Event: 25.887 Loading class java/lang/System$Logger$Level
Event: 25.888 Loading class java/lang/System$Logger$Level done
Event: 25.888 Loading class java/io/Bits
Event: 25.888 Loading class java/io/Bits done

Classes unloaded (0 events):
No events

Classes redefined (0 events):
No events

Internal exceptions (20 events):
Event: 0.566 Thread 0x000002984990ea70 Exception <a 'java/lang/NullPointerException'{0x00000000fecde148}> (0x00000000fecde148) 
thrown [s\src\hotspot\share\interpreter\linkResolver.cpp, line 1350]
Event: 0.572 Thread 0x000002984990ea70 Exception <a 'java/lang/NoSuchMethodError'{0x00000000feb57258}: 'void java.lang.invoke.DirectMethodHandle$Holder.invokeStatic(java.lang.Object, long, java.lang.Object)'> (0x00000000feb57258) 
thrown [s\src\hotspot\share\interpreter\linkResolver.cpp, line 759]
Event: 0.572 Thread 0x000002984990ea70 Exception <a 'java/lang/NoSuchMethodError'{0x00000000feb5d568}: 'java.lang.Object java.lang.invoke.DirectMethodHandle$Holder.newInvokeSpecial(java.lang.Object, long, java.lang.Object)'> (0x00000000feb5d568) 
thrown [s\src\hotspot\share\interpreter\linkResolver.cpp, line 759]
Event: 0.574 Thread 0x000002984990ea70 Exception <a 'java/lang/NullPointerException'{0x00000000feb69c30}> (0x00000000feb69c30) 
thrown [s\src\hotspot\share\interpreter\linkResolver.cpp, line 1350]
Event: 0.574 Thread 0x000002984990ea70 Exception <a 'java/lang/NullPointerException'{0x00000000feb6a1b0}> (0x00000000feb6a1b0) 
thrown [s\src\hotspot\share\interpreter\linkResolver.cpp, line 1350]
Event: 0.574 Thread 0x000002984990ea70 Exception <a 'java/lang/NullPointerException'{0x00000000feb6a730}> (0x00000000feb6a730) 
thrown [s\src\hotspot\share\interpreter\linkResolver.cpp, line 1350]
Event: 0.574 Thread 0x000002984990ea70 Exception <a 'java/lang/NullPointerException'{0x00000000feb73d08}> (0x00000000feb73d08) 
thrown [s\src\hotspot\share\interpreter\linkResolver.cpp, line 1350]
Event: 0.584 Thread 0x000002984990ea70 Exception <a 'java/lang/NullPointerException'{0x00000000febae998}> (0x00000000febae998) 
thrown [s\src\hotspot\share\interpreter\linkResolver.cpp, line 1350]
Event: 0.584 Thread 0x000002984990ea70 Exception <a 'java/lang/NullPointerException'{0x00000000febaef18}> (0x00000000febaef18) 
thrown [s\src\hotspot\share\interpreter\linkResolver.cpp, line 1350]
Event: 0.584 Thread 0x000002984990ea70 Exception <a 'java/lang/NullPointerException'{0x00000000febaf498}> (0x00000000febaf498) 
thrown [s\src\hotspot\share\interpreter\linkResolver.cpp, line 1350]
Event: 0.584 Thread 0x000002984990ea70 Exception <a 'java/lang/NullPointerException'{0x00000000febafa18}> (0x00000000febafa18) 
thrown [s\src\hotspot\share\interpreter\linkResolver.cpp, line 1350]
Event: 0.632 Thread 0x000002984990ea70 Exception <a 'java/lang/NoSuchMethodError'{0x00000000fe51e6d0}: 'java.lang.Object java.lang.invoke.DirectMethodHandle$Holder.newInvokeSpecial(java.lang.Object, java.lang.Object, java.lang.Object, java.lang.Object, java.lang.Object)'> (0x00000000fe51e6d0) 
thrown [s\src\hotspot\share\interpreter\linkResolver.cpp, line 759]
Event: 0.645 Thread 0x000002984990ea70 Exception <a 'java/lang/NoSuchMethodError'{0x00000000fe4164f8}: 'void java.lang.invoke.DirectMethodHandle$Holder.invokeSpecial(java.lang.Object, java.lang.Object, java.lang.Object)'> (0x00000000fe4164f8) 
thrown [s\src\hotspot\share\interpreter\linkResolver.cpp, line 759]
Event: 0.647 Thread 0x000002984990ea70 Implicit null exception at 0x0000029858f97c0b to 0x0000029858f9814c
Event: 0.651 Thread 0x000002984990ea70 Implicit null exception at 0x0000029858f8712f to 0x0000029858f871a9
Event: 0.741 Thread 0x000002984990ea70 Exception <a 'java/lang/NoSuchMethodError'{0x00000000fe23a110}: 'void java.lang.invoke.DirectMethodHandle$Holder.invokeStatic(java.lang.Object, java.lang.Object, java.lang.Object)'> (0x00000000fe23a110) 
thrown [s\src\hotspot\share\interpreter\linkResolver.cpp, line 759]
Event: 0.813 Thread 0x000002984990ea70 Exception <a 'java/lang/NoSuchMethodError'{0x00000000ffdb1b40}: 'java.lang.Object java.lang.invoke.DirectMethodHandle$Holder.invokeStaticInit(java.lang.Object, int, int, int, int)'> (0x00000000ffdb1b40) 
thrown [s\src\hotspot\share\interpreter\linkResolver.cpp, line 759]
Event: 0.846 Thread 0x000002984990ea70 Exception <a 'java/lang/NoSuchMethodError'{0x00000000ffc6b380}: 'java.lang.Object java.lang.invoke.DirectMethodHandle$Holder.invokeStaticInit(java.lang.Object, java.lang.Object, int, int, int, int)'> (0x00000000ffc6b380) 
thrown [s\src\hotspot\share\interpreter\linkResolver.cpp, line 759]
Event: 0.861 Thread 0x000002984990ea70 Implicit null exception at 0x0000029858f98bf2 to 0x0000029858f99230
Event: 0.862 Thread 0x000002984990ea70 Implicit null exception at 0x0000029858fa0d72 to 0x0000029858fa13c8

VM Operations (20 events):
Event: 170.700 Executing VM operation: Cleanup
Event: 170.700 Executing VM operation: Cleanup done
Event: 171.715 Executing VM operation: Cleanup
Event: 171.715 Executing VM operation: Cleanup done
Event: 173.719 Executing VM operation: Cleanup
Event: 173.719 Executing VM operation: Cleanup done
Event: 180.380 Executing VM operation: HandshakeAllThreads
Event: 180.380 Executing VM operation: HandshakeAllThreads done
Event: 214.638 Executing VM operation: Cleanup
Event: 214.638 Executing VM operation: Cleanup done
Event: 216.649 Executing VM operation: Cleanup
Event: 216.649 Executing VM operation: Cleanup done
Event: 246.850 Executing VM operation: Cleanup
Event: 246.850 Executing VM operation: Cleanup done
Event: 289.152 Executing VM operation: Cleanup
Event: 289.153 Executing VM operation: Cleanup done
Event: 319.439 Executing VM operation: Cleanup
Event: 319.439 Executing VM operation: Cleanup done
Event: 344.671 Executing VM operation: Cleanup
Event: 344.671 Executing VM operation: Cleanup done

Memory protections (0 events):
No events

Nmethod flushes (0 events):
No events

Events (19 events):
Event: 0.024 Thread 0x000002984990ea70 Thread added: 0x000002984990ea70
Event: 0.027 Thread 0x000002984990ea70 Thread added: 0x00000298499b83d0
Event: 0.027 Thread 0x000002984990ea70 Thread added: 0x00000298499b8ea0
Event: 0.033 Thread 0x000002984990ea70 Thread added: 0x000002986335b820
Event: 0.033 Thread 0x000002984990ea70 Thread added: 0x000002986335e100
Event: 0.033 Thread 0x000002984990ea70 Thread added: 0x00000298633629f0
Event: 0.033 Thread 0x000002984990ea70 Thread added: 0x00000298633632c0
Event: 0.033 Thread 0x000002984990ea70 Thread added: 0x0000029863364f80
Event: 0.033 Thread 0x000002984990ea70 Thread added: 0x00000298633705b0
Event: 0.033 Thread 0x000002984990ea70 Thread added: 0x00000298633943d0
Event: 0.043 Thread 0x000002984990ea70 Thread added: 0x00000298634bef80
Event: 0.044 Thread 0x000002984990ea70 Thread added: 0x00000298634c3710
Event: 0.260 Thread 0x0000029863364f80 Thread added: 0x0000029863766b20
Event: 0.264 Thread 0x00000298633705b0 Thread added: 0x0000029863767040
Event: 0.568 Thread 0x000002984990ea70 Thread added: 0x00000298637e8470
Event: 0.574 Thread 0x00000298637e8470 Thread exited: 0x00000298637e8470
Event: 0.602 Thread 0x000002984990ea70 Thread added: 0x0000029868cc2a60
Event: 0.747 Thread 0x0000029863767040 Thread exited: 0x0000029863767040
Event: 1.075 Thread 0x0000029863766b20 Thread exited: 0x0000029863766b20


Dynamic libraries:
0x00007ff787f10000 - 0x00007ff787f1e000 	C:\Program Files\Microsoft\jdk-17.0.17.10-hotspot\bin\java.exe
0x00007ffcb1eb0000 - 0x00007ffcb20c7000 	C:\Windows\SYSTEM32\ntdll.dll
0x00007ffcb0b80000 - 0x00007ffcb0c44000 	C:\Windows\System32\KERNEL32.DLL
0x00007ffcaf570000 - 0x00007ffcaf927000 	C:\Windows\System32\KERNELBASE.dll
0x00007ffcafac0000 - 0x00007ffcafbd1000 	C:\Windows\System32\ucrtbase.dll
0x00007ffbad730000 - 0x00007ffbad748000 	C:\Program Files\Microsoft\jdk-17.0.17.10-hotspot\bin\jli.dll
0x00007ffcb1250000 - 0x00007ffcb13ff000 	C:\Windows\System32\USER32.dll
0x00007ffcaf930000 - 0x00007ffcaf956000 	C:\Windows\System32\win32u.dll
0x00007ffbad750000 - 0x00007ffbad76e000 	C:\Program Files\Microsoft\jdk-17.0.17.10-hotspot\bin\VCRUNTIME140.dll
0x00007ffcb1620000 - 0x00007ffcb1649000 	C:\Windows\System32\GDI32.dll
0x00007ffcaf450000 - 0x00007ffcaf568000 	C:\Windows\System32\gdi32full.dll
0x00007ffcaf330000 - 0x00007ffcaf3ca000 	C:\Windows\System32\msvcp_win.dll
0x00007ffc9d9f0000 - 0x00007ffc9dc83000 	C:\Windows\WinSxS\amd64_microsoft.windows.common-controls_6595b64144ccf1df_6.0.22621.3672_none_2713b9d173822955\COMCTL32.dll
0x00007ffcafbe0000 - 0x00007ffcafc87000 	C:\Windows\System32\msvcrt.dll
0x00007ffcb0b40000 - 0x00007ffcb0b71000 	C:\Windows\System32\IMM32.DLL
0x00007ffbad720000 - 0x00007ffbad72c000 	C:\Program Files\Microsoft\jdk-17.0.17.10-hotspot\bin\vcruntime140_1.dll
0x00007ffbad570000 - 0x00007ffbad5f9000 	C:\Program Files\Microsoft\jdk-17.0.17.10-hotspot\bin\msvcp140.dll
0x00007ffbac8f0000 - 0x00007ffbad56a000 	C:\Program Files\Microsoft\jdk-17.0.17.10-hotspot\bin\server\jvm.dll
0x00007ffcb06d0000 - 0x00007ffcb0782000 	C:\Windows\System32\ADVAPI32.dll
0x00007ffcb16d0000 - 0x00007ffcb1778000 	C:\Windows\System32\sechost.dll
0x00007ffcaf9d0000 - 0x00007ffcaf9f8000 	C:\Windows\System32\bcrypt.dll
0x00007ffcb1d50000 - 0x00007ffcb1e64000 	C:\Windows\System32\RPCRT4.dll
0x00007ffcb1b10000 - 0x00007ffcb1b81000 	C:\Windows\System32\WS2_32.dll
0x00007ffcae0e0000 - 0x00007ffcae12d000 	C:\Windows\SYSTEM32\POWRPROF.dll
0x00007ffca8a50000 - 0x00007ffca8a84000 	C:\Windows\SYSTEM32\WINMM.dll
0x00007ffca6970000 - 0x00007ffca697a000 	C:\Windows\SYSTEM32\VERSION.dll
0x00007ffcae040000 - 0x00007ffcae053000 	C:\Windows\SYSTEM32\UMPDC.dll
0x00007ffcae2d0000 - 0x00007ffcae2e8000 	C:\Windows\SYSTEM32\kernel.appcore.dll
0x00007ffbad710000 - 0x00007ffbad71a000 	C:\Program Files\Microsoft\jdk-17.0.17.10-hotspot\bin\jimage.dll
0x00007ffcac110000 - 0x00007ffcac342000 	C:\Windows\SYSTEM32\DBGHELP.DLL
0x00007ffcb1780000 - 0x00007ffcb1b0e000 	C:\Windows\System32\combase.dll
0x00007ffcb1b90000 - 0x00007ffcb1c67000 	C:\Windows\System32\OLEAUT32.dll
0x00007ffc81810000 - 0x00007ffc81842000 	C:\Windows\SYSTEM32\dbgcore.DLL
0x00007ffcaf3d0000 - 0x00007ffcaf44b000 	C:\Windows\System32\bcryptPrimitives.dll
0x00007ffbad6e0000 - 0x00007ffbad706000 	C:\Program Files\Microsoft\jdk-17.0.17.10-hotspot\bin\java.dll
0x00007ffbac810000 - 0x00007ffbac8e6000 	C:\Program Files\Microsoft\jdk-17.0.17.10-hotspot\bin\jsvml.dll
0x00007ffcafe60000 - 0x00007ffcb06c9000 	C:\Windows\System32\SHELL32.dll
0x00007ffcad0e0000 - 0x00007ffcad9df000 	C:\Windows\SYSTEM32\windows.storage.dll
0x00007ffcacfa0000 - 0x00007ffcad0df000 	C:\Windows\SYSTEM32\wintypes.dll
0x00007ffcb1130000 - 0x00007ffcb1229000 	C:\Windows\System32\SHCORE.dll
0x00007ffcb1cd0000 - 0x00007ffcb1d2e000 	C:\Windows\System32\shlwapi.dll
0x00007ffcaf0f0000 - 0x00007ffcaf117000 	C:\Windows\SYSTEM32\profapi.dll
0x00007ffbac7f0000 - 0x00007ffbac80b000 	C:\Program Files\Microsoft\jdk-17.0.17.10-hotspot\bin\net.dll
0x00007ffcaa5f0000 - 0x00007ffcaa726000 	C:\Windows\SYSTEM32\WINHTTP.dll
0x00007ffcae750000 - 0x00007ffcae7b9000 	C:\Windows\system32\mswsock.dll
0x00007ffbac7d0000 - 0x00007ffbac7e6000 	C:\Program Files\Microsoft\jdk-17.0.17.10-hotspot\bin\nio.dll
0x00007ffbac7b0000 - 0x00007ffbac7c8000 	C:\Program Files\Microsoft\jdk-17.0.17.10-hotspot\bin\zip.dll
0x00007ffc99260000 - 0x00007ffc9926a000 	C:\Program Files\Microsoft\jdk-17.0.17.10-hotspot\bin\management.dll
0x00007ffc99250000 - 0x00007ffc9925c000 	C:\Program Files\Microsoft\jdk-17.0.17.10-hotspot\bin\management_ext.dll
0x00007ffcafc90000 - 0x00007ffcafc98000 	C:\Windows\System32\PSAPI.DLL
0x00007ffc1aa80000 - 0x00007ffc1aaa7000 	C:\Users\ashyk\.gradle\native\660c5614fbf4a5f2a75b1949f50a0caf5cd603558e7d8a26e50b933a0cfb79d1\windows-amd64\native-platform.dll
0x00007ffca9310000 - 0x00007ffca9334000 	C:\Users\ashyk\.gradle\native\jansi\2.4.2\Windows\x86_64\jansi.dll
0x00007ffcadc30000 - 0x00007ffcadc5d000 	C:\Windows\SYSTEM32\IPHLPAPI.DLL
0x00007ffcb1cc0000 - 0x00007ffcb1cc9000 	C:\Windows\System32\NSI.dll
0x00007ffcaa4d0000 - 0x00007ffcaa4e9000 	C:\Windows\SYSTEM32\dhcpcsvc6.DLL
0x00007ffcaa4b0000 - 0x00007ffcaa4cf000 	C:\Windows\SYSTEM32\dhcpcsvc.DLL
0x00007ffcadc60000 - 0x00007ffcadd62000 	C:\Windows\SYSTEM32\DNSAPI.dll
0x00007ffc99210000 - 0x00007ffc99219000 	C:\Program Files\Microsoft\jdk-17.0.17.10-hotspot\bin\extnet.dll
0x00007ffcae9c0000 - 0x00007ffcae9db000 	C:\Windows\SYSTEM32\CRYPTSP.dll
0x00007ffcae230000 - 0x00007ffcae265000 	C:\Windows\system32\rsaenh.dll
0x00007ffcae860000 - 0x00007ffcae888000 	C:\Windows\SYSTEM32\USERENV.dll
0x00007ffcae9e0000 - 0x00007ffcae9ec000 	C:\Windows\SYSTEM32\CRYPTBASE.dll
0x00007ffc991e0000 - 0x00007ffc991ee000 	C:\Program Files\Microsoft\jdk-17.0.17.10-hotspot\bin\sunmscapi.dll
0x00007ffcaf1c0000 - 0x00007ffcaf326000 	C:\Windows\System32\CRYPT32.dll
0x00007ffcaeb60000 - 0x00007ffcaeb8d000 	C:\Windows\SYSTEM32\ncrypt.dll
0x00007ffcaeb20000 - 0x00007ffcaeb57000 	C:\Windows\SYSTEM32\NTASN1.dll
0x00007ffca9940000 - 0x00007ffca9948000 	C:\Windows\system32\wshunix.dll
0x00007ffc99200000 - 0x00007ffc99210000 	C:\Program Files\Microsoft\jdk-17.0.17.10-hotspot\bin\verify.dll

dbghelp: loaded successfully - version: 4.0.5 - missing functions: none
symbol engine: initialized successfully - sym options: 0x614 - pdb path: .;C:\Program Files\Microsoft\jdk-17.0.17.10-hotspot\bin;C:\Windows\SYSTEM32;C:\Windows\WinSxS\amd64_microsoft.windows.common-controls_6595b64144ccf1df_6.0.22621.3672_none_2713b9d173822955;C:\Program Files\Microsoft\jdk-17.0.17.10-hotspot\bin\server;C:\Users\ashyk\.gradle\native\660c5614fbf4a5f2a75b1949f50a0caf5cd603558e7d8a26e50b933a0cfb79d1\windows-amd64;C:\Users\ashyk\.gradle\native\jansi\2.4.2\Windows\x86_64

VM Arguments:
jvm_args: -Xmx64m -Xms64m -Dorg.gradle.appname=gradlew 
java_command: C:\Eventak-Final-Linkage\Eventak\android\\gradle\wrapper\gradle-wrapper.jar app:installDebug -PreactNativeDevServerPort=8081
java_class_path (initial): C:\Eventak-Final-Linkage\Eventak\android\\gradle\wrapper\gradle-wrapper.jar
Launcher Type: SUN_STANDARD

[Global flags]
     intx CICompilerCount                          = 4                                         {product} {ergonomic}
     uint ConcGCThreads                            = 2                                         {product} {ergonomic}
     uint G1ConcRefinementThreads                  = 8                                         {product} {ergonomic}
   size_t G1HeapRegionSize                         = 1048576                                   {product} {ergonomic}
    uintx GCDrainStackTargetSize                   = 64                                        {product} {ergonomic}
   size_t InitialHeapSize                          = 67108864                                  {product} {command line}
   size_t MarkStackSize                            = 4194304                                   {product} {ergonomic}
   size_t MaxHeapSize                              = 67108864                                  {product} {command line}
   size_t MaxNewSize                               = 39845888                                  {product} {ergonomic}
   size_t MinHeapDeltaBytes                        = 1048576                                   {product} {ergonomic}
   size_t MinHeapSize                              = 67108864                                  {product} {command line}
    uintx NonNMethodCodeHeapSize                   = 5839372                                {pd product} {ergonomic}
    uintx NonProfiledCodeHeapSize                  = 122909434                              {pd product} {ergonomic}
    uintx ProfiledCodeHeapSize                     = 122909434                              {pd product} {ergonomic}
    uintx ReservedCodeCacheSize                    = 251658240                              {pd product} {ergonomic}
     bool SegmentedCodeCache                       = true                                      {product} {ergonomic}
   size_t SoftMaxHeapSize                          = 67108864                               {manageable} {ergonomic}
     bool UseCompressedClassPointers               = true                           {product lp64_product} {ergonomic}
     bool UseCompressedOops                        = true                           {product lp64_product} {ergonomic}
     bool UseG1GC                                  = true                                      {product} {ergonomic}
     bool UseLargePagesIndividualAllocation        = false                                  {pd product} {ergonomic}

Logging:
Log output configuration:
 #0: stdout all=warning uptime,level,tags
 #1: stderr all=off uptime,level,tags

Environment Variables:
JAVA_HOME=C:\Program Files\Microsoft\jdk-17.0.17.10-hotspot\
PATH=C:\Eventak-Final-Linkage\eventak\node_modules\.bin;C:\Eventak-Final-Linkage\eventak\node_modules\.bin;C:\Eventak-Final-Linkage\node_modules\.bin;C:\node_modules\.bin;C:\Users\ashyk\AppData\Roaming\npm\node_modules\npm\node_modules\@npmcli\run-script\lib\node-gyp-bin;C:\Users\ashyk\AppData\Local\Programs\Microsoft VS Code;C:\Program Files\Eclipse Adoptium\jdk-17.0.17.10-hotspot\bin;C:\Python314\Scripts\;C:\Python314\;C:\Program Files\Common Files\Oracle\Java\javapath;C:\Program Files\Microsoft\jdk-17.0.17.10-hotspot\bin;C:\Program Files (x86)\Common Files\Oracle\Java\java8path;C:\Program Files (x86)\Common Files\Oracle\Java\javapath;C:\ProgramData\Oracle\Java\javapath;C:\Windows\System32\HWAudioDriverLibs;C:\Windows\system32;C:\Windows;C:\Windows\System32\Wbem;C:\Windows\System32\WindowsPowerShell\v1.0\;C:\Windows\System32\OpenSSH\;C:\Users\Administrator\AppData\Local\Microsoft\WindowsApps;C:\Program Files\dotnet\;C:\Program Files\Microsoft SQL Server\150\Tools\Binn\;C:\Program Files\Microsoft SQL Server\Client SDK\ODBC\170\Tools\Binn\;C:\Program Files (x86)\Windows Kits\10\Windows Performance Toolkit\;C:\ProgramData\chocolatey\bin;C:\Program Files\nodejs\;C:\Program Files\nodejs;%LOCALAPPDATA%\Android\Sdk\platform-tools;C:\Program Files\MySQL\MySQL Server 8.0\bin;C:\Program Files\Git\cmd;C:\Users\ashyk\AppData\Local\Android\Sdk\tools;C:\Users\ashyk\AppData\Local\jdk-11.0.2\bin;C:\Program Files\MySQL\MySQL Shell 8.0\bin\;C:\Users\ashyk\AppData\Local\Microsoft\WindowsApps;C:\Users\ashyk\.dotnet\tools;C:\Users\ashyk\AppData\Local\Programs\Microsoft VS Code\bin;C:\Users\ashyk\AppData\Roaming\npm;C:\Users\ashyk\AppData\Local\GitHubDesktop\bin;C:\Users\ashyk\AppData\Local\Android\Sdk\platform-tools;C:\Users\ashyk\AppData\Local\Android\Sdk\platform-tools;c:\Users\ashyk\.vscode\extensions\vscjava.vscode-java-debug-0.59.0\bundled\scripts\noConfigScripts
USERNAME=sheikha
LANG=en_US.UTF-8
OS=Windows_NT
PROCESSOR_IDENTIFIER=Intel64 Family 6 Model 140 Stepping 1, GenuineIntel
TMP=C:\Users\ashyk\AppData\Local\Temp
TEMP=C:\Users\ashyk\AppData\Local\Temp



Periodic native trim disabled


---------------  S Y S T E M  ---------------

OS:
 Windows 11 , 64 bit Build 22621 (10.0.22621.3958)
OS uptime: 0 days 0:17 hours
Hyper-V role detected

CPU: total 8 (initial active 8) (4 cores per cpu, 2 threads per core) family 6 model 140 stepping 1 microcode 0x8a, cx8, cmov, fxsr, ht, mmx, 3dnowpref, sse, sse2, sse3, ssse3, sse4.1, sse4.2, popcnt, lzcnt, tsc, tscinvbit, avx, avx2, aes, erms, clmul, bmi1, bmi2, adx, avx512f, avx512dq, avx512cd, avx512bw, avx512vl, sha, fma, vzeroupper, avx512_vpopcntdq, avx512_vpclmulqdq, avx512_vaes, avx512_vnni, clflush, clflushopt, clwb, avx512_vbmi2, avx512_vbmi, hv
Processor Information for the first 8 processors :
  Max Mhz: 2803, Current Mhz: 2803, Mhz Limit: 2803

Memory: 4k page, system-wide physical 16183M (205M free)
TotalPageFile size 29130M (AvailPageFile size 3188M)
current process WorkingSet (physical memory assigned to process): 69M, peak: 115M
current process commit charge ("private bytes"): 168M, peak: 180M

vm_info: OpenJDK 64-Bit Server VM (17.0.17+10-LTS) for windows-amd64 JRE (17.0.17+10-LTS), built on Oct 13 2025 22:19:56 by "MicrosoftCorporation" with unknown MS VC++:1944

END.
